Loading project configuration... 
Success
🎊 Successfully started run 17015942409503067987
[92mINFO [0m:      Start `flwr-serverapp` process
[92mINFO [0m:      Starting Flower ServerApp, config: num_rounds=2, no round_timeout
[92mINFO [0m:      
[92mINFO [0m:      [INIT]
[92mINFO [0m:      Using initial global parameters provided by strategy
[92mINFO [0m:      Starting evaluation of initial global parameters
[92mINFO [0m:      initial parameters (loss, other metrics): 0.0, {}
[92mINFO [0m:      
[92mINFO [0m:      [ROUND 1]
[92mINFO [0m:      configure_fit: strategy sampled 2 clients (out of 2)
[92mINFO [0m:      aggregate_fit: received 2 results and 0 failures
[92mINFO [0m:      fit progress: (1, 0.0, {}, 258.2946565358434)
[92mINFO [0m:      configure_evaluate: no clients selected, skipping evaluation
[92mINFO [0m:      
[92mINFO [0m:      [ROUND 2]
[92mINFO [0m:      configure_fit: strategy sampled 2 clients (out of 2)
[92mINFO [0m:      aggregate_fit: received 2 results and 0 failures
[2025-09-27 08:06:13,536] [INFO] [real_accelerator.py:260:get_accelerator] Setting ds_accelerator to cuda (auto detect)
[2025-09-27 08:06:14,792] [INFO] [logging.py:107:log_dist] [Rank -1] [TorchCheckpointEngine] Initialized with serialization = False
[92mINFO [0m:      fit progress: (2, 0.0, {}, 517.1915419928264)
[92mINFO [0m:      configure_evaluate: no clients selected, skipping evaluation
[92mINFO [0m:      
[92mINFO [0m:      [SUMMARY]
[92mINFO [0m:      Run finished 2 round(s) in 517.19s
[92mINFO [0m:      	History (loss, centralized):
[92mINFO [0m:      		round 0: 0.0
[92mINFO [0m:      		round 1: 0.0
[92mINFO [0m:      		round 2: 0.0
[92mINFO [0m:      	History (metrics, distributed, fit):
[92mINFO [0m:      	{'train_loss': [(1, 2.2293268839518228), (2, 2.0185135735405813)]}
[92mINFO [0m:      
[92mINFO [0m:      
[92mINFO [0m:      Start `flwr-serverapp` process
[92mINFO [0m:      Starting Flower ServerApp, config: num_rounds=2, no round_timeout
[92mINFO [0m:      
[92mINFO [0m:      [INIT]
[92mINFO [0m:      Using initial global parameters provided by strategy
[92mINFO [0m:      Starting evaluation of initial global parameters
[92mINFO [0m:      initial parameters (loss, other metrics): 0.0, {}
[92mINFO [0m:      
[92mINFO [0m:      [ROUND 1]
[92mINFO [0m:      configure_fit: strategy sampled 2 clients (out of 2)
[92mINFO [0m:      aggregate_fit: received 2 results and 0 failures
[92mINFO [0m:      fit progress: (1, 0.0, {}, 258.2946565358434)
[92mINFO [0m:      configure_evaluate: no clients selected, skipping evaluation
[92mINFO [0m:      
[92mINFO [0m:      [ROUND 2]
[92mINFO [0m:      configure_fit: strategy sampled 2 clients (out of 2)
[92mINFO [0m:      aggregate_fit: received 2 results and 0 failures
[2025-09-27 08:06:13,536] [INFO] [real_accelerator.py:260:get_accelerator] Setting ds_accelerator to cuda (auto detect)
[2025-09-27 08:06:14,792] [INFO] [logging.py:107:log_dist] [Rank -1] [TorchCheckpointEngine] Initialized with serialization = False
[92mINFO [0m:      fit progress: (2, 0.0, {}, 517.1915419928264)
[92mINFO [0m:      configure_evaluate: no clients selected, skipping evaluation
[92mINFO [0m:      
[92mINFO [0m:      [SUMMARY]
[92mINFO [0m:      Run finished 2 round(s) in 517.19s
[92mINFO [0m:      	History (loss, centralized):
[92mINFO [0m:      		round 0: 0.0
[92mINFO [0m:      		round 1: 0.0
[92mINFO [0m:      		round 2: 0.0
[92mINFO [0m:      	History (metrics, distributed, fit):
[92mINFO [0m:      	{'train_loss': [(1, 2.2293268839518228), (2, 2.0185135735405813)]}
[92mINFO [0m:      
[92mINFO [0m:      
